// Bun Snapshot v1, https://goo.gl/fbAQLP

exports[`NfeWebServices autorizacao Returns valid response 1`] = `
{
  "description": "Lote processado",
  "protNFe": {
    "description": "Autorizado o uso da NF-e",
    "status": "uso-autorizado",
  },
  "raw": {
    "cStat": "104",
    "protNFe": {
      "@_versao": "4.00",
      "infProt": {
        "cStat": "100",
        "chNFe": "00000000000000000000000000000000000000000000",
        "dhRecbto": "2021-01-04T12:34:56-03:00",
        "digVal": "123456789012345",
        "nProt": "123456789012345",
        "tpAmb": "2",
        "verAplic": "SVRS202101041234",
        "xMotivo": "Autorizado o uso da NF-e",
      },
    },
    "xMotivo": "Lote processado",
  },
  "status": "lote-processado",
  "xml": "<?xml version="1.0" encoding="UTF-8"?><nfeProc versao="4.00" xmlns="http://www.portalfiscal.inf.br/nfe"><NFe><infNFe>mock NFe</infNFe><Signature>mock signature</Signature></NFe><protNFe versao="4.00"><infProt><tpAmb>2</tpAmb><verAplic>SVRS202101041234</verAplic><chNFe>00000000000000000000000000000000000000000000</chNFe><dhRecbto>2021-01-04T12:34:56-03:00</dhRecbto><nProt>123456789012345</nProt><digVal>123456789012345</digVal><cStat>100</cStat><xMotivo>Autorizado o uso da NF-e</xMotivo></infProt></protNFe></nfeProc>",
}
`;

exports[`NfeWebServices inutilizacao Returns valid response 1`] = `
{
  "description": "Inutilização de número homologado",
  "raw": {
    "infInut": {
      "cStat": "102",
      "cUF": "53",
      "dhRecbto": "2021-01-01T00:00:00-03:00",
      "nProt": "123456789",
      "xMotivo": "Inutilização de número homologado",
    },
  },
  "status": "homologada",
}
`;

exports[`NfeWebServices recepcaoEvento Returns valid response 1`] = `
{
  "description": "Lote processado",
  "raw": {
    "@_versao": "1.00",
    "cOrgao": "91",
    "cStat": "128",
    "idLote": "1",
    "retEvento": {
      "@_versao": "1.00",
      "infEvento": {
        "@_Id": "ID123",
        "cStat": "135",
        "chNFe": "00000000000000000000000000000000000000000000",
        "dhRegEvento": "2025-01-01T00:00:00-03:00",
        "nProt": "123456789",
        "tpEvento": "110110",
        "xEvento": "Carta de Correção aplicada",
        "xMotivo": "Evento registrado e vinculado a NF-e",
      },
    },
    "tpAmb": "2",
    "verAplic": "SVRS202101041234",
    "xMotivo": "Lote processado",
  },
  "retEvento": {
    "description": "Evento registrado e vinculado a NF-e",
    "status": "evento-registrado-vinculado-a-nfe",
  },
  "status": "lote-processado",
  "xml": "<?xml version="1.0" encoding="UTF-8"?><procEventoNFe versao="1.00" xmlns="http://www.portalfiscal.inf.br/nfe"><evento versao="1.00"><infEvento><detEvento>Mock detEvento</detEvento></infEvento><Signature>mock signature</Signature></evento><retEvento versao="1.00"><infEvento Id="ID123"><tpEvento>110110</tpEvento><xEvento>Carta de Correção aplicada</xEvento><cStat>135</cStat><xMotivo>Evento registrado e vinculado a NF-e</xMotivo><chNFe>00000000000000000000000000000000000000000000</chNFe><dhRegEvento>2025-01-01T00:00:00-03:00</dhRegEvento><nProt>123456789</nProt></infEvento></retEvento></procEventoNFe>",
}
`;
