// Bun Snapshot v1, https://goo.gl/fbAQLP

exports[`CertificateP12 getPemFields Extracts certificate fields 1`] = `
{
  "issuer": {
    "commonName": "www.exemplo.com.br",
    "countryName": "BR",
    "organizationName": "Minha Empresa LTDA",
    "organizationalUnitName": "Departamento de TI",
  },
  "serialNumber": "19351e033813ae02bfb5cbad7d512190304916b9",
  "signatureAlgorithm": "sha256WithRSAEncryption",
  "subject": {
    "commonName": "www.exemplo.com.br",
    "countryName": "BR",
    "organizationName": "Minha Empresa LTDA",
    "organizationalUnitName": "Departamento de TI",
  },
  "validFrom": 2024-12-18T12:56:56.000Z,
  "validTo": 2099-11-30T12:56:56.000Z,
}
`;
