// Bun Snapshot v1, https://goo.gl/fbAQLP

exports[`CertificateP12 Extracts certificate fields 1`] = `
{
  "issuer": {
    "commonName": "fazendatech.com.br",
    "countryName": "BR",
    "organizationName": "FazendaTech",
    "organizationalUnitName": "Dev Team",
  },
  "serialNumber": "04d4ebda664c5e6ab7f316fad375f68cae8ea018",
  "signatureAlgorithm": "sha256WithRSAEncryption",
  "subject": {
    "commonName": "fazendatech.com.br",
    "countryName": "BR",
    "organizationName": "FazendaTech",
    "organizationalUnitName": "Dev Team",
  },
  "validFrom": 2024-10-01T21:07:24.000Z,
  "validTo": 2025-10-01T21:07:24.000Z,
}
`;
